<?xml version='1.0' encoding='UTF-8'?><a:feed xmlns:a="http://www.w3.org/2005/Atom" xmlns:m="http://docs.oasis-open.org/odata/ns/metadata" xmlns:d="http://docs.oasis-open.org/odata/ns/data" m:context="$metadata#Products"><a:id>null/Products</a:id><a:entry><a:id>Products(1)</a:id><a:title/><a:summary/><a:updated>2018-10-31T10:27:05Z</a:updated><a:author><a:name/></a:author><a:link rel="edit" href="Products(1)"/><a:category scheme="http://docs.oasis-open.org/odata/ns/scheme" term="#OData.Demo.Product"/><a:content type="application/xml"><m:properties><d:ID m:type="Int32">1</d:ID><d:Name>Xyzzy</d:Name><d:Description>Takes you back to the twisty maze of endless passages</d:Description></m:properties></a:content></a:entry><a:entry><a:id>Products(2)</a:id><a:title/><a:summary/><a:updated>2018-10-31T10:27:05Z</a:updated><a:author><a:name/></a:author><a:link rel="edit" href="Products(2)"/><a:category scheme="http://docs.oasis-open.org/odata/ns/scheme" term="#OData.Demo.Product"/><a:content type="application/xml"><m:properties><d:ID m:type="Int32">2</d:ID><d:Name>TTTTTTTTTTT</d:Name><d:Description>Switches off computer assist</d:Description></m:properties></a:content></a:entry><a:entry><a:id>Products(3)</a:id><a:title/><a:summary/><a:updated>2018-10-31T10:27:05Z</a:updated><a:author><a:name/></a:author><a:link rel="edit" href="Products(3)"/><a:category scheme="http://docs.oasis-open.org/odata/ns/scheme" term="#OData.Demo.Product"/><a:content type="application/xml"><m:properties><d:ID m:type="Int32">3</d:ID><d:Name>IDDQD</d:Name><d:Description>GOD MODE!</d:Description></m:properties></a:content></a:entry></a:feed>